[1m[33m
Warning: This is a simple server for use in testing or debugging Angular applications
locally. It hasn't been reviewed for security issues.

Binding this server to an open connection can result in compromising your application or
computer. Using a different host than the one passed to the "--host" flag might result in
websocket connection issues.
    [39m[22m
[1m[31m[31mX [41;31m[[41;97mERROR[41;31m][0m [1mTS2307: Cannot find module './mail-templates.component' or its corresponding type declarations.[0m [1m[35m[plugin angular-compiler][0m

    src/app/features/mail-templates/mail-templates.routes.ts:2:39:
[37m      2 │ import { MailTemplatesComponent } from [32m'./mail-templates.component'[37m;
        ╵                                        [32m~~~~~~~~~~~~~~~~~~~~~~~~~~~~[0m


[31mX [41;31m[[41;97mERROR[41;31m][0m [1mCould not resolve "./mail-templates.component"[0m

    src/app/features/mail-templates/mail-templates.routes.ts:1:39:
[37m      1 │ import { MailTemplatesComponent } from [32m'./mail-templates.component'[37m;
        ╵                                        [32m~~~~~~~~~~~~~~~~~~~~~~~~~~~~[0m

[39m[22m
[1m[31m[31mX [41;31m[[41;97mERROR[41;31m][0m [1mTS2307: Cannot find module './features/mail-templates/mail-templates.routes' or its corresponding type declarations.[0m [1m[35m[plugin angular-compiler][0m

    src/app/app.routes.ts:122:35:
[37m      122 │ ...=> import([32m'./features/mail-templates/mail-templates.routes'[37m).t...
          ╵              [32m~~~~~~~~~~~~~~~~~~~~~~~~~~~~~~~~~~~~~~~~~~~~~~~~~[0m


[31mX [41;31m[[41;97mERROR[41;31m][0m [1mCould not resolve "./features/mail-templates/mail-templates.routes"[0m

    src/app/app.routes.ts:120:43:
[37m      120 │ ...=> import([32m'./features/mail-templates/mail-templates.routes'[37m).t...
          ╵              [32m~~~~~~~~~~~~~~~~~~~~~~~~~~~~~~~~~~~~~~~~~~~~~~~~~[0m

[39m[22m
